Last tested with Python 3.9
